[0;32m[2025-12-14 13:10:17][0m =========================================
[0;32m[2025-12-14 13:10:17][0m Starting Multi-Distro Deployment Script
[0;32m[2025-12-14 13:10:17][0m =========================================
[0;32m[2025-12-14 13:10:17][0m Running as regular user. Will use sudo where needed.
[0;32m[2025-12-14 13:10:17][0m System Information:
[0;32m[2025-12-14 13:10:17][0m   Distribution: arch
[0;32m[2025-12-14 13:10:17][0m   Init System: systemd
[0;32m[2025-12-14 13:10:17][0m   Package Manager: pacman
[0;32m[2025-12-14 13:10:17][0m   Script Directory: /home/odouhou/github/deployment-script
[0;32m[2025-12-14 13:10:17][0m   Log File: /home/odouhou/github/deployment-script/logs/deployment-20251214-131017.log
[0;32m[2025-12-14 13:10:17][0m Starting interactive setup...
[0;34m[2025-12-14 13:11:17] INFO:[0m Configuration:
[0;34m[2025-12-14 13:11:17] INFO:[0m   Hostname: archlaptop
[0;34m[2025-12-14 13:11:17] INFO:[0m   Setup user: y
[0;34m[2025-12-14 13:11:17] INFO:[0m   Install dev tools: y
[0;34m[2025-12-14 13:11:17] INFO:[0m   Container runtime: podman
[0;34m[2025-12-14 13:11:17] INFO:[0m   Chezmoi repo: https://github.com/oussamadouhou/dotfiles
[0;32m[2025-12-14 13:11:22][0m Phase 1: Installing base packages
[0;32m[2025-12-14 13:11:22][0m Installing base packages for arch...
[0;34m[2025-12-14 13:11:22] INFO:[0m Loading module: arch_packages
[0;32m[2025-12-14 13:11:22][0m Installing Arch Linux base packages...
[0;34m[2025-12-14 13:12:30] INFO:[0m Installing base packages...
[0;34m[2025-12-14 13:12:32] INFO:[0m Installing shell packages...
[0;34m[2025-12-14 13:12:34] INFO:[0m Installing modern CLI tools...
[0;34m[2025-12-14 13:12:35] INFO:[0m Installing editors...
[0;34m[2025-12-14 13:12:38] INFO:[0m Installing network tools...
[0;34m[2025-12-14 13:12:41] INFO:[0m Installing container tools...
[0;34m[2025-12-14 13:12:44] INFO:[0m Installing security tools...
[0;32m[2025-12-14 13:12:44][0m Cleaning up...
